     1                                  ORG 0x7c00
     2                                  BITS 16
     3                                  CODE_SEG equ gdt_code - gdt_start
     4                                  DATA_SEG equ gdt_data - gdt_start
     5                                  _start:
     6 00000000 EB22                        jmp short start
     7 00000002 90                          nop
     8                                  
     9 00000003 00<rep 21h>             times 33 db 0
    10                                  
    11                                  start:
    12 00000024 EA[2900]0000                jmp 0:step2
    13                                  
    14                                  step2:
    15 00000029 FA                          cli ; clear interrupts to prevent any issues during boot
    16 0000002A B80000                      mov ax, 0x00 ; set up the segment registers
    17 0000002D 8ED8                        mov ds, ax
    18 0000002F 8EC0                        mov es, ax
    19 00000031 8ED0                        mov ss, ax
    20 00000033 BC007C                      mov sp, 0x7c00 ; set up the stack
    21 00000036 FB                          sti ; enable interrupts after setup
    22                                  .load_protected:
    23 00000037 FA                          cli
    24 00000038 0F0116[6400]                lgdt[gdt_descriptor] ;load the GDT
    25 0000003D 0F20C0                      mov eax, cr0
    26 00000040 6683C801                    or eax, 1 ; set the PE bit to enable protected mode
    27 00000044 0F22C0                      mov cr0, eax
    28 00000047 EA[6A00]0800                jmp CODE_SEG:protected_mode_entry ; far jump to flush the instruction pipeline
    29                                  
    30                                  ;GDT
    31                                  gdt_start:
    32                                  gdt_null:
    33 0000004C 00000000                    dd 0x00; null descriptor
    34 00000050 00000000                    dd 0x00; null descriptor
    35                                  ;offset = 0x08
    36                                  gdt_code:    ; code segment descriptor
    37 00000054 FFFF                        dw 0xffff ; limit 0-15 bits
    38 00000056 0000                        dw 0 ; base 0-15 bits
    39 00000058 00                          db 0 ; base 16-23 bits
    40 00000059 9A                          db 0x9a ; access byte: present, ring 0, code segment, executable, readable
    41 0000005A CF                          db 11001111b ; flags and high 4 bits of limit
    42 0000005B 00                          db 0 ; base 24-31 bits
    43                                  ;offset = 0x10
    44                                  gdt_data:    ; data segment descriptor shouold be linked to DS, ES, FS, GS, SS
    45 0000005C FFFF                        dw 0xffff ; limit 0-15 bits
    46 0000005E 0000                        dw 0 ; base 0-15 bits
    47 00000060 00                          db 0 ; base 16-23 bits
    48 00000061 92                          db 0x92 ; access byte: present, ring 0, data segment, writable
    49 00000062 CF                          db 11001111b ; flags and high 4 bits of limit
    50 00000063 00                          db 0 ; base 24-31 bits
    51                                  gdt_end:
    52                                  
    53                                  gdt_descriptor:
    54 00000064 1700                        dw gdt_end - gdt_start - 1 ; size of GDT
    55 00000066 [4C000000]                  dd gdt_start ; offset of GDT
    56                                  
    57                                  protyected_mode:
    58                                  protected_mode_entry:
    59 0000006A B81000                      mov ax, DATA_SEG ; set up data segment registers
    60 0000006D 8ED8                        mov ds,ax
    61 0000006F 8EC0                        mov es, ax
    62 00000071 8ED0                        mov ss, ax
    63 00000073 8EE0                        mov fs, ax
    64 00000075 8EE8                        mov gs, ax
    65 00000077 66BD00002000                mov ebp,0x00200000 ; set up the stack pointer
    66 0000007D 6689EC                      mov esp,ebp
    67 00000080 EBFE                        jmp $ ; infinite loop to prevent the CPU from executing random instructions
    68                                  
    69 00000082 00<rep 17Ch>            times 510 - ($ - $$) db 0
    70 000001FE 55AA                    dw 0xAA55
